crossed shell, 24 starts, scatter 0.15, no polish
  analysis pynite, check blueprint_tesseract, 10 rounds

start   mass [t]   violation  rows   evals    min
    0   0.114863    1.27e-05     5    2548    4.6
        start 0 run twice: 0.114862942 vs 0.114862942 -> BIT-IDENTICAL inside this build
        best so far 0.114863 t (start 0), 1 feasible, spread 0.0%
    1   0.075659    2.69e-05     8    2265    4.7
        best so far 0.075659 t (start 1), 2 feasible, spread 51.8%
    2   0.075040    1.74e-05    10    2129    4.1
        best so far 0.075040 t (start 2), 3 feasible, spread 53.1%
    3   0.087112    1.14e-05    12    2375    4.6
        best so far 0.075040 t (start 2), 4 feasible, spread 53.1%
    4   0.076322    2.86e-05     9    2438    4.4
        best so far 0.075040 t (start 2), 5 feasible, spread 53.1%
    5   0.075398    1.39e-05     6    2467    4.4
        best so far 0.075040 t (start 2), 6 feasible, spread 53.1%
    6   0.075752    4.80e-05     2    2509    4.5
        best so far 0.075040 t (start 2), 7 feasible, spread 53.1%
    7   0.075409    3.30e-05     6    2527    4.5
        best so far 0.075040 t (start 2), 8 feasible, spread 53.1%
    8   0.111110    1.34e-05     6    2407    4.3
        best so far 0.075040 t (start 2), 9 feasible, spread 53.1%
    9   0.075083    2.20e-05     3    2486    4.5
        best so far 0.075040 t (start 2), 10 feasible, spread 53.1%
   10   0.074724    1.11e-05    13    2232    4.0
        best so far 0.074724 t (start 10), 11 feasible, spread 53.7%
   11   0.100437    6.72e-06     1    3000    5.4
        best so far 0.074724 t (start 10), 12 feasible, spread 53.7%
   12   0.075913    4.18e-05    12    2392    4.3
        best so far 0.074724 t (start 10), 13 feasible, spread 53.7%
   13   0.094544    1.42e-05     3    2540    4.6
        best so far 0.074724 t (start 10), 14 feasible, spread 53.7%
   14   0.078556    4.17e-05     3    2541    4.6
        best so far 0.074724 t (start 10), 15 feasible, spread 53.7%
   15   0.075151    2.19e-05    11    2257    4.1
        best so far 0.074724 t (start 10), 16 feasible, spread 53.7%
   16   0.075940    3.41e-05     6    2438    4.4
        best so far 0.074724 t (start 10), 17 feasible, spread 53.7%
   17   0.076999    5.62e-06     3    3460    6.2
        best so far 0.074724 t (start 10), 18 feasible, spread 53.7%
   18   0.075405    1.86e-05     8    2638    4.8
        best so far 0.074724 t (start 10), 19 feasible, spread 53.7%
   19   0.074929    6.88e-06     9    2263    4.1
        best so far 0.074724 t (start 10), 20 feasible, spread 53.7%
   20   0.075177    1.74e-05    14    2186    3.9
        best so far 0.074724 t (start 10), 21 feasible, spread 53.7%
   21   0.075078    1.38e-05    13    2366    4.3
        best so far 0.074724 t (start 10), 22 feasible, spread 53.7%
   22   0.089190    1.88e-02    11    2111    3.8
        best so far 0.074724 t (start 10), 22 feasible, spread 53.7%
   23   0.075160    3.32e-05    11    2383    4.3
        best so far 0.074724 t (start 10), 23 feasible, spread 53.7%

=== 24 of 24 landed, 23 within 0.0001 ===
  start 0 reproduced inside this build: True
  BEST      0.074724 t   (start 10, violation 1.11e-05)
  median    0.075659 t
  worst     0.114863 t
  spread    53.7% of the lightest
  in-process record (smax + ec3x, SLSQP, 5 starts): 0.073013 t
