crossed shell SIZED ONLY, 24 starts, scatter 0.15, no polish
  analysis pynite, check blueprint_tesseract, 10 rounds

start   mass [t]   violation  rows   evals    min
    0   0.148004    2.07e-07    26    1163    1.9
        start 0 run twice: 0.148003655 vs 0.148003655 -> BIT-IDENTICAL inside this build
        best so far 0.148004 t (start 0), 1 feasible, spread 0.0%
    1   0.145735    6.47e-08    16     647    1.1
        best so far 0.145735 t (start 1), 2 feasible, spread 1.6%
    2   0.148595    3.84e-07    16    1497    2.5
        best so far 0.145735 t (start 1), 3 feasible, spread 2.0%
    3   0.147778    1.00e-07    14     947    1.6
        best so far 0.145735 t (start 1), 4 feasible, spread 2.0%
    4   0.148142    1.92e-07    18     760    1.3
        best so far 0.145735 t (start 1), 5 feasible, spread 2.0%
    5   0.146060    1.96e-05    24     941    1.6
        best so far 0.145735 t (start 1), 6 feasible, spread 2.0%
    6   0.148004    7.79e-08    20    1139    1.9
        best so far 0.145735 t (start 1), 7 feasible, spread 2.0%
    7   0.148004    1.18e-07    18    1291    2.2
        best so far 0.145735 t (start 1), 8 feasible, spread 2.0%
    8   0.147559    1.15e-07    18     897    1.5
        best so far 0.145735 t (start 1), 9 feasible, spread 2.0%
    9   0.146250    1.19e-06    16     885    1.5
        best so far 0.145735 t (start 1), 10 feasible, spread 2.0%
   10   0.147865    4.82e-07    10     995    1.7
        best so far 0.145735 t (start 1), 11 feasible, spread 2.0%
   11   0.147572    2.44e-07    18     556    0.9
        best so far 0.145735 t (start 1), 12 feasible, spread 2.0%
   12   0.147764    3.61e-07    12    1127    1.9
        best so far 0.145735 t (start 1), 13 feasible, spread 2.0%
   13   0.148595    2.29e-06    16    1069    1.8
        best so far 0.145735 t (start 1), 14 feasible, spread 2.0%
   14   0.148142    2.78e-08    20    1357    2.3
        best so far 0.145735 t (start 1), 15 feasible, spread 2.0%
   15   0.148004    4.63e-07    22    1220    2.0
        best so far 0.145735 t (start 1), 16 feasible, spread 2.0%
   16   0.148004    4.60e-07    18    1404    2.4
        best so far 0.145735 t (start 1), 17 feasible, spread 2.0%
   17   0.148420    5.09e-08    20    1261    2.1
        best so far 0.145735 t (start 1), 18 feasible, spread 2.0%
   18   0.149061    1.92e-07    24    1268    2.1
        best so far 0.145735 t (start 1), 19 feasible, spread 2.3%
   19   0.147894    3.08e-07    20    1042    1.7
        best so far 0.145735 t (start 1), 20 feasible, spread 2.3%
   20   0.148789    9.97e-08    20     888    1.5
        best so far 0.145735 t (start 1), 21 feasible, spread 2.3%
   21   0.148595    4.23e-06    12    1264    2.1
        best so far 0.145735 t (start 1), 22 feasible, spread 2.3%
   22   0.148047    2.53e-07    22    1049    1.8
        best so far 0.145735 t (start 1), 23 feasible, spread 2.3%
   23   0.148420    3.30e-07    20    1308    2.2
        best so far 0.145735 t (start 1), 24 feasible, spread 2.3%

=== 24 of 24 landed, 24 within 0.0001 ===
  start 0 reproduced inside this build: True
  BEST      0.145735 t   (start 1, violation 6.47e-08)
  median    0.148004 t
  worst     0.149061 t
  spread    2.3% of the lightest
  compare with the end-to-end run: overnight.json
